// Jest Snapshot v1, https://goo.gl/fbAQLP

exports[`Create life work should throw error for missing any field 1`] = `Array []`;
